<html>
<body>
<pre>
<h1>µVision Build Log</h1>
<h2>Tool Versions:</h2>
IDE-Version: µVision V5.29.0.0
Copyright (C) 2019 ARM Ltd and ARM Germany GmbH. All rights reserved.
License Information: Thanh Nguyen, None, LIC=GMZI6-DGXCK-RA2DM-X070E-ICFLN-5UJAB
 
Tool Versions:
Toolchain:       MDK-ARM Plus  Version: 5.29.0.0
Toolchain Path:  C:\Keil_v5\ARM\ARMCC\Bin
C Compiler:      Armcc.exe V5.06 update 6 (build 750)
Assembler:       Armasm.exe V5.06 update 6 (build 750)
Linker/Locator:  ArmLink.exe V5.06 update 6 (build 750)
Library Manager: ArmAr.exe V5.06 update 6 (build 750)
Hex Converter:   FromElf.exe V5.06 update 6 (build 750)
CPU DLL:         SARMCM3.DLL V5.29.0.0
Dialog DLL:      DARMCM1.DLL V1.19.2.0
Target DLL:      Segger\JL2CM3.dll V2.99.36.0
Dialog DLL:      TARMCM1.DLL V1.14.1.0
 
<h2>Project:</h2>
C:\Users\NLQT\Downloads\xmc1400_template (1)\xmc1400_template\Xmc1400_Template\xmc1400_template.uvprojx
Project File Date:  08/09/2021

<h2>Output:</h2>
*** Using Compiler 'V5.06 update 6 (build 750)', folder: 'C:\Keil_v5\ARM\ARMCC\Bin'
Build target 'Target 1'
compiling uart_app.c...
uart_app.h(40): warning:  #1295-D: Deprecated declaration uart_init - give arg types
  void uart_init();
uart_app.c: 1 warning, 0 errors
compiling can.c...
uart_app.h(40): warning:  #1295-D: Deprecated declaration uart_init - give arg types
  void uart_init();
can.c: 1 warning, 0 errors
linking...
Program Size: Code=10308 RO-data=640 RW-data=168 ZI-data=1636  
FromELF: creating hex file...
".\Objects\xmc1400_template.axf" - 0 Error(s), 2 Warning(s).

<h2>Software Packages used:</h2>

Package Vendor: Infineon
                https://www.infineon.com/cmsis_packs/XMC1000/Infineon.XMC1000_DFP.2.11.0.pack
                Infineon.XMC1000_DFP.2.11.0
                Infineon XMC1000 Series Device Support, Drivers and Examples

<h2>Collection of Component include folders:</h2>
  .\RTE\_Target_1
  C:\Users\NLQT\AppData\Local\Arm\Packs\Infineon\XMC1000_DFP\2.11.0\Device\XMC1400_series\Include

<h2>Collection of Component Files used:</h2>
Build Time Elapsed:  00:00:03
</pre>
</body>
</html>
